// Jest Snapshot v1, https://goo.gl/fbAQLP

exports[`<AddEvent /> should render a <AddEvent /> component 1`] = `
<div>
  <div
    className="container"
  >
    <div
      className="modal fade right"
      id="addEvent"
      role="dialog"
    >
      <div
        className="modal-dialog modal-full-height modal-right"
      >
        <div
          className="modal-content"
        >
          <div
            className="modal-header"
            id="addEventModal"
          >
            <h4
              className="modal-title text-center font-weight-bold"
              id="addEventTitle"
            />
            <button
              className="close"
              data-dismiss="modal"
              type="button"
            >
              Ã—
            </button>
          </div>
          <div
            className="modal-body"
          >
            <form
              action=""
              method=""
              onSubmit={[Function]}
              role="form"
            >
              <div
                className=""
              >
                <div
                  className=""
                >
                  <div
                    className="input-group mb-3"
                  />
                </div>
                <div
                  className="container-fluid"
                >
                  <div
                    className="row"
                  >
                    <div
                      className="col-12"
                      id="addEventForm"
                    >
                      <span
                        className=""
                        id="sizing-addon1"
                      >
                        Event Name:
                      </span>
                      <input
                        aria-describedby="sizing-addon1"
                        className="form-control"
                        id="eventName"
                        name="name"
                        onChange={[Function]}
                        type="text"
                      />
                    </div>
                  </div>
                  <div
                    className=""
                  >
                    <div
                      className="row"
                    >
                      <div
                        className="col-12"
                      >
                        <span
                          className=""
                          id="sizing-addon1"
                        >
                          Location:
                        </span>
                        <select
                          className="form-control"
                          id="eventLocation"
                          name="centerId"
                          onChange={[Function]}
                        >
                          <option
                            value="Choose a Center"
                          >
                            Choose a Center
                          </option>
                        </select>
                      </div>
                    </div>
                    <div
                      className="row"
                    >
                      <div
                        className="col-12"
                      >
                        <span
                          className=""
                          id="sizing-addon1"
                        >
                          Start Date:
                        </span>
                        <input
                          aria-describedby="sizing-addon1"
                          className="form-control"
                          id="startDate"
                          name="startDate"
                          onChange={[Function]}
                          type="date"
                        />
                      </div>
                    </div>
                    <div
                      className="row"
                    >
                      <div
                        className="col-12"
                      >
                        <span
                          className=""
                          id="sizing-addon1"
                        >
                          End Date:
                        </span>
                        <input
                          aria-describedby="sizing-addon1"
                          className="form-control"
                          id="endDate"
                          name="endDate"
                          onChange={[Function]}
                          type="date"
                        />
                      </div>
                    </div>
                    <div
                      className="row"
                    >
                      <div
                        className="col-12"
                      >
                        <span
                          className=""
                          id="sizing-addon1"
                        >
                          Time:
                        </span>
                        <input
                          aria-describedby="sizing-addon1"
                          className="form-control"
                          id="timeT"
                          name="time"
                          onChange={[Function]}
                          type="text"
                        />
                      </div>
                    </div>
                  </div>
                </div>
              </div>
              <br />
              <SubmitButton
                id="submitButton"
                name="ADD EVENT"
              />
            </form>
          </div>
        </div>
      </div>
    </div>
  </div>
</div>
`;
