// Jest Snapshot v1, https://goo.gl/fbAQLP

exports[`<AdminCenterDetails /> should render a <AdminCenterDetail /> component 1`] = `
<div>
  <Navbar
    centerDetails="CenterDetails"
    centers="Centers"
    events="Events"
    home="Home"
    id={1}
    page="CenterDetails"
    searchForCenters={[MockFunction]}
  />
  <main>
    <div
      className="container"
    >
      <div
        className="row"
        id="info"
      >
        <div
          className="col-xs-12 col-md-4"
        >
          <div
            className="card w-40"
          >
            <div
              className="view overlay hm-white-slight"
            >
              <img
                className="img-fluid"
                style={
                  Object {
                    "height": "250px",
                    "width": "100%",
                  }
                }
              />
            </div>
            <div
              className="card-body"
            >
              <h5
                className="card-title font-weight-bold text-center"
              />
              <p
                className="card-text"
              />
            </div>
          </div>
        </div>
        <div
          className="col-xs-12 col-md-8"
          id="paradise"
        >
          <div
            className="card"
          >
            <div
              className="card-header text-right"
            >
              Details
            </div>
            <div
              className="card-body"
            >
              <h5
                className="card-title"
              >
                Description
              </h5>
              <h6
                className="card-text"
              />
              <hr />
              <h5
                className="card-title"
              >
                Location
              </h5>
              <h6
                className="card-text"
              />
              <hr />
              <h5
                className="card-title"
              >
                Price
              </h5>
              <h6
                className="card-text"
              />
              <hr />
              <h5
                className="card-title"
              >
                Capacity
              </h5>
              <h6
                className="card-text"
              >
                 guests
              </h6>
              <hr />
              <h5
                className="card-title"
              >
                Facilities
              </h5>
              <h6
                className="card-text"
              />
            </div>
          </div>
        </div>
      </div>
      <div
        className="row"
        id="space"
      >
        <div
          className="col-xs-12 col-md-4"
          id="space2"
        />
        <AdminCenterEvents
          events={Array []}
        />
      </div>
    </div>
  </main>
</div>
`;
