// Jest Snapshot v1, https://goo.gl/fbAQLP

exports[`<AdminPanel /> should render a <AdminPanel /> component 1`] = `
<div
  className="container"
>
  <div
    className="row"
    id=""
  >
    <div
      className="col-xs-12 col-md-0"
    />
    <div
      className="col-xs-12 col-md-12"
      id="etable"
    >
      <div
        className="card w-40"
      >
        <div
          className="card-body"
        >
          <div
            className="table-wrapper"
          >
            <h3
              id="appusers"
            >
              Users
            </h3>
            <table
              className="table table-hover table-responsive"
            >
              <thead
                className="blue-grey text-white lighten-1"
              >
                <tr>
                  <th>
                    #
                  </th>
                  <th
                    className="th-lg"
                  >
                    ID
                  </th>
                  <th
                    className="th-lg"
                  >
                    FIRST NAME
                  </th>
                  <th
                    className="th-lg"
                  >
                    LAST NAME
                  </th>
                  <th
                    className="th-lg"
                  >
                    ISADMIN
                  </th>
                  <th
                    className="th-lg"
                  >
                    ROLE
                  </th>
                  <th
                    className="th-lg"
                  >
                    EMAIL
                  </th>
                </tr>
              </thead>
              <tbody
                id="adminpaneltable"
              />
            </table>
            <div>
              <div
                style={
                  Object {
                    "display": "flex",
                    "justifyContent": "space-between",
                  }
                }
              >
                <span
                  className="count"
                >
                  1 - 0 of 0
                </span>
                <span>
                  <Pages
                    count={1}
                    history={
                      Object {
                        "location": Object {
                          "search": "",
                        },
                      }
                    }
                    limit={1}
                  />
                </span>
              </div>
            </div>
          </div>
        </div>
      </div>
    </div>
    <div
      className="col-xs-12 col-md-0"
    />
  </div>
</div>
`;
