// Jest Snapshot v1, https://goo.gl/fbAQLP

exports[`<Search /> should render a <Search /> component 1`] = `
<div>
  <div
    className="fa fa-search searchIcon"
    onClick={[Function]}
    style={
      Object {
        "cursor": "pointer",
      }
    }
  />
</div>
`;
